[INFO] Scanning for projects...
[INFO] 
[INFO] ------------------< com.tradingedu:trading-platform >-------------------
[INFO] Building trading-platform 0.0.1-SNAPSHOT
[INFO]   from pom.xml
[INFO] --------------------------------[ jar ]---------------------------------
[INFO] 
[INFO] --- clean:3.3.2:clean (default-clean) @ trading-platform ---
[INFO] Deleting C:\Users\abhis\OneDrive\Desktop\trading-platform\backend\target
[INFO] 
[INFO] --- resources:3.3.1:resources (default-resources) @ trading-platform ---
[INFO] Copying 1 resource from src\main\resources to target\classes
[INFO] Copying 0 resource from src\main\resources to target\classes
[INFO] 
[INFO] --- compiler:3.11.0:compile (default-compile) @ trading-platform ---
[INFO] Changes detected - recompiling the module! :source
[INFO] Compiling 31 source files with javac [debug release 17] to target\classes
[INFO] ------------------------------------------------------------------------
[INFO] BUILD SUCCESS
[INFO] ------------------------------------------------------------------------
[INFO] Total time:  2.878 s
[INFO] Finished at: 2026-03-12T13:38:02+05:30
[INFO] ------------------------------------------------------------------------
