[INFO] Scanning for projects...
[INFO] 
[INFO] ------------------< com.tradingedu:trading-platform >-------------------
[INFO] Building trading-platform 0.0.1-SNAPSHOT
[INFO]   from pom.xml
[INFO] --------------------------------[ jar ]---------------------------------
[INFO] 
[INFO] >>> spring-boot:3.2.4:run (default-cli) > test-compile @ trading-platform >>>
[INFO] 
[INFO] --- resources:3.3.1:resources (default-resources) @ trading-platform ---
[INFO] Copying 1 resource from src\main\resources to target\classes
[INFO] Copying 0 resource from src\main\resources to target\classes
[INFO] 
[INFO] --- compiler:3.11.0:compile (default-compile) @ trading-platform ---
[INFO] Nothing to compile - all classes are up to date
[INFO] 
[INFO] --- resources:3.3.1:testResources (default-testResources) @ trading-platform ---
[INFO] skip non existing resourceDirectory C:\Users\abhis\OneDrive\Desktop\trading-platform\backend\src\test\resources
[INFO] 
[INFO] --- compiler:3.11.0:testCompile (default-testCompile) @ trading-platform ---
[INFO] Nothing to compile - all classes are up to date
[INFO] 
[INFO] <<< spring-boot:3.2.4:run (default-cli) < test-compile @ trading-platform <<<
[INFO] 
[INFO] 
[INFO] --- spring-boot:3.2.4:run (default-cli) @ trading-platform ---
[INFO] Attaching agents: []

  .   ____          _            __ _ _
 /\\ / ___'_ __ _ _(_)_ __  __ _ \ \ \ \
( ( )\___ | '_ | '_| | '_ \/ _` | \ \ \ \
 \\/  ___)| |_)| | | | | || (_| |  ) ) ) )
  '  |____| .__|_| |_|_| |_\__, | / / / /
 =========|_|==============|___/=/_/_/_/
 :: Spring Boot ::                (v3.2.4)

2026-03-12T13:52:32.596+05:30  INFO 14824 --- [           main] c.tradingedu.TradingPlatformApplication  : Starting TradingPlatformApplication using Java 21.0.2 with PID 14824 (C:\Users\abhis\OneDrive\Desktop\trading-platform\backend\target\classes started by abhis in C:\Users\abhis\OneDrive\Desktop\trading-platform\backend)
2026-03-12T13:52:32.598+05:30  INFO 14824 --- [           main] c.tradingedu.TradingPlatformApplication  : No active profile set, falling back to 1 default profile: "default"
2026-03-12T13:52:33.036+05:30  INFO 14824 --- [           main] .s.d.r.c.RepositoryConfigurationDelegate : Bootstrapping Spring Data JPA repositories in DEFAULT mode.
2026-03-12T13:52:33.085+05:30  INFO 14824 --- [           main] .s.d.r.c.RepositoryConfigurationDelegate : Finished Spring Data repository scanning in 44 ms. Found 8 JPA repository interfaces.
2026-03-12T13:52:33.480+05:30  INFO 14824 --- [           main] o.s.b.w.embedded.tomcat.TomcatWebServer  : Tomcat initialized with port 8080 (http)
2026-03-12T13:52:33.489+05:30  INFO 14824 --- [           main] o.apache.catalina.core.StandardService   : Starting service [Tomcat]
2026-03-12T13:52:33.490+05:30  INFO 14824 --- [           main] o.apache.catalina.core.StandardEngine    : Starting Servlet engine: [Apache Tomcat/10.1.19]
2026-03-12T13:52:33.528+05:30  INFO 14824 --- [           main] o.a.c.c.C.[Tomcat].[localhost].[/]       : Initializing Spring embedded WebApplicationContext
2026-03-12T13:52:33.528+05:30  INFO 14824 --- [           main] w.s.c.ServletWebServerApplicationContext : Root WebApplicationContext: initialization completed in 899 ms
2026-03-12T13:52:33.618+05:30  INFO 14824 --- [           main] o.hibernate.jpa.internal.util.LogHelper  : HHH000204: Processing PersistenceUnitInfo [name: default]
2026-03-12T13:52:33.649+05:30  INFO 14824 --- [           main] org.hibernate.Version                    : HHH000412: Hibernate ORM core version 6.4.4.Final
2026-03-12T13:52:33.681+05:30  INFO 14824 --- [           main] o.h.c.internal.RegionFactoryInitiator    : HHH000026: Second-level cache disabled
2026-03-12T13:52:33.819+05:30  INFO 14824 --- [           main] o.s.o.j.p.SpringPersistenceUnitInfo      : No LoadTimeWeaver setup: ignoring JPA class transformer
2026-03-12T13:52:33.836+05:30  INFO 14824 --- [           main] com.zaxxer.hikari.HikariDataSource       : HikariPool-1 - Starting...
2026-03-12T13:52:33.944+05:30  INFO 14824 --- [           main] com.zaxxer.hikari.pool.HikariPool        : HikariPool-1 - Added connection com.mysql.cj.jdbc.ConnectionImpl@64c8fcfb
2026-03-12T13:52:33.945+05:30  INFO 14824 --- [           main] com.zaxxer.hikari.HikariDataSource       : HikariPool-1 - Start completed.
2026-03-12T13:52:34.599+05:30  INFO 14824 --- [           main] o.h.e.t.j.p.i.JtaPlatformInitiator       : HHH000489: No JTA platform available (set 'hibernate.transaction.jta.platform' to enable JTA platform integration)
2026-03-12T13:52:34.656+05:30  INFO 14824 --- [           main] j.LocalContainerEntityManagerFactoryBean : Initialized JPA EntityManagerFactory for persistence unit 'default'
2026-03-12T13:52:35.024+05:30  WARN 14824 --- [           main] JpaBaseConfiguration$JpaWebConfiguration : spring.jpa.open-in-view is enabled by default. Therefore, database queries may be performed during view rendering. Explicitly configure spring.jpa.open-in-view to disable this warning
2026-03-12T13:52:35.223+05:30  INFO 14824 --- [           main] o.s.s.web.DefaultSecurityFilterChain     : Will secure any request with [org.springframework.security.web.session.DisableEncodeUrlFilter@12d8e6b6, org.springframework.security.web.context.request.async.WebAsyncManagerIntegrationFilter@6d911985, org.springframework.security.web.context.SecurityContextHolderFilter@433362e0, org.springframework.security.web.header.HeaderWriterFilter@2ae07dbd, org.springframework.web.filter.CorsFilter@ab5dde4, org.springframework.web.filter.CorsFilter@706c2726, org.springframework.security.web.authentication.logout.LogoutFilter@321558f8, com.tradingedu.security.jwt.AuthTokenFilter@758655a9, org.springframework.security.web.savedrequest.RequestCacheAwareFilter@58cd6088, org.springframework.security.web.servletapi.SecurityContextHolderAwareRequestFilter@44a7661d, org.springframework.security.web.authentication.AnonymousAuthenticationFilter@255482cb, org.springframework.security.web.session.SessionManagementFilter@5e1bfe66, org.springframework.security.web.access.ExceptionTranslationFilter@34e7cde3, org.springframework.security.web.access.intercept.AuthorizationFilter@21abd3a3]
2026-03-12T13:52:35.448+05:30  WARN 14824 --- [           main] ConfigServletWebServerApplicationContext : Exception encountered during context initialization - cancelling refresh attempt: org.springframework.context.ApplicationContextException: Failed to start bean 'webServerStartStop'
2026-03-12T13:52:35.449+05:30  INFO 14824 --- [           main] j.LocalContainerEntityManagerFactoryBean : Closing JPA EntityManagerFactory for persistence unit 'default'
2026-03-12T13:52:35.451+05:30  INFO 14824 --- [           main] com.zaxxer.hikari.HikariDataSource       : HikariPool-1 - Shutdown initiated...
2026-03-12T13:52:35.454+05:30  INFO 14824 --- [           main] com.zaxxer.hikari.HikariDataSource       : HikariPool-1 - Shutdown completed.
2026-03-12T13:52:35.462+05:30  INFO 14824 --- [           main] .s.b.a.l.ConditionEvaluationReportLogger : 

Error starting ApplicationContext. To display the condition evaluation report re-run your application with 'debug' enabled.
2026-03-12T13:52:35.473+05:30 ERROR 14824 --- [           main] o.s.b.d.LoggingFailureAnalysisReporter   : 

***************************
APPLICATION FAILED TO START
***************************

Description:

Web server failed to start. Port 8080 was already in use.

Action:

Identify and stop the process that's listening on port 8080 or configure this application to listen on another port.

[INFO] ------------------------------------------------------------------------
[INFO] BUILD FAILURE
[INFO] ------------------------------------------------------------------------
[INFO] Total time:  4.474 s
[INFO] Finished at: 2026-03-12T13:52:35+05:30
[INFO] ------------------------------------------------------------------------
[ERROR] Failed to execute goal org.springframework.boot:spring-boot-maven-plugin:3.2.4:run (default-cli) on project trading-platform: Process terminated with exit code: 1 -> [Help 1]
[ERROR] 
[ERROR] To see the full stack trace of the errors, re-run Maven with the -e switch.
[ERROR] Re-run Maven using the -X switch to enable full debug logging.
[ERROR] 
[ERROR] For more information about the errors and possible solutions, please read the following articles:
[ERROR] [Help 1] http://cwiki.apache.org/confluence/display/MAVEN/MojoExecutionException
